PASS Cor4.7: f(pi/20) = gamma_2 A^-eps_2 at N=10 <= 0.1333   [0.133283651668171820472121406900702, 0.1332836516681718204721214069044491]
PASS Cor4.7: 1 + ln(2 cos^2(pi/20)) >= 1.668
PASS Cor4.7: 1/cos(pi/10) <= 1.052
PASS Cor4.7: A(10) = 2cos^2(pi/20) >= 1.9507
PASS Cor4.7: eps_2(10) = 4cos^2(pi/20) >= 3.9014
PASS Cor4.7: EU_lo(d=2) >= 2.0879 >= 2.08   [2.087980874381658132796684808021928, 2.087980874381658132796684808028239]
PASS Cor4.7: EU_lo(d=3) >= 2.3974 >= 2.39   [2.397437283670113568737254113275573, 2.397437283670113568737254113285039]
PASS Cor4.7: EU_hi(d=2) = ln 2 + 3/2 <= 2.20
PASS Cor4.7: EU_hi(d=3) = ln 2 + 11/6 <= 2.53
PASS Cor4.7: 3 pi + 0.585 <= 10.02
PASS Cor4.7: lower X, d=2: -2.32 + 2.08 = -0.24 (exact decimals)
PASS Cor4.7: upper X, d=2: -1.60 + 2.20 = 0.60 (exact decimals)
PASS Cor4.7: lower X, d=3: -(3 pi + 0.585) + 2.39 >= -7.63
PASS Cor4.7: upper X, d=3: -8.38 + 2.53 = -5.85 (exact decimals)
PASS (6.1): (3-2u)/(1-u)^2 <= 3.01 at u = 1.1e-3 (increasing in u)
PASS (6.1): 2 + 3.01*1.1e-3 <= 2.01
PASS (6.1): u(N=20) = pi^2/9600 <= 1.03e-3
PASS (6.1): 2.01 pi^2/24 <= 0.83   [0.8265793685912337843273886212368463, 0.826579368591233784327388621243946]
Cor7.15 constants: d=2 N0=100 (1.479, 5.578), N0=312 (0.550, 5.135); d=3 N0=100 (1.647, 2.492), N0=312 (1.236, 2.231)
PASS Cor7.15 d=2: 0.24 + max K^- <= 1.72
PASS Cor7.15 d=2: upper bound condition at N=100   [12.88226024711621846514725661011942, 12.88226024711621846514725661027089]
PASS Cor7.15 d=3: 7.63 + max K^- <= 9.28
PASS Cor7.15 d=3: upper bound condition at N=100   [41.44125810080064765538745521973094, 41.44125810080064765538745522003386]
PASS Cor7.18 d=2: certificate passes from N_* = 59   59
PASS Cor7.18 d=2 N0=59: 0.24 + K^- (2.082) <= 2.33
PASS Cor7.18 d=2 N0=59: upper bound condition (K^+ = 6.061)   [12.39555800449414389319271484882068, 12.39555800449414389319271484901001]
PASS Cor7.18 d=2 N0=100: 0.24 + K^- (1.508) <= 1.75
PASS Cor7.18 d=2 N0=100: upper bound condition (K^+ = 5.594)   [12.88226024711621846514725661011942, 12.88226024711621846514725661027089]
PASS Cor7.18 d=3: certificate passes from N_* = 12   12
PASS Cor7.18 d=3 N0=12: 7.63 + K^- (6.379) <= 14.01
PASS Cor7.18 d=3 N0=12: upper bound condition (K^+ = 7.183)   [28.86161761119338648663066535317746, 28.86161761119338648663066535335417]
PASS Cor7.18 d=3 N0=100: 7.63 + K^- (1.675) <= 9.31
PASS Cor7.18 d=3 N0=100: upper bound condition (K^+ = 2.495)   [41.44125810080064765538745521973094, 41.44125810080064765538745522003386]
PASS Lemma7.16(c): 4 cos 2x > (2a/d) sin 2x on x<=pi/20 (a=1, d=2)
PASS Lemma7.16(c): 4 cos 2x > (2a/d) sin 2x on x<=pi/20 (a=1, d=3)
PASS Lemma7.16(c): 4 cos 2x > (2a/d) sin 2x on x<=pi/20 (a=2, d=2)
PASS Lemma7.16(c): 4 cos 2x > (2a/d) sin 2x on x<=pi/20 (a=2, d=3)
PASS Lemma7.16(c): sin 2x < d/2 (h increasing), x <= pi/20
PASS Lemma7.16(a): sin x <= d cos x, x <= pi/20
PASS Lemma7.16(a): sin 2x < 1 for N >= 4
ALL PASS
