                             name  blocked  tr_blocked     n           mfpt        tr_mfpt   mode  tr_mode     ratio        cv   mfpt_fac   mode_fac
0                           clean        0           0  1225   14100.808050   14100.808050   2493     2493  0.176798  0.918277   1.000000   1.000000
1          wall_mid_gap_centre_g1       34          34  1191   24822.487566   24822.487566   7826     7826  0.315279  0.855316   1.760359   3.139190
2          wall_mid_gap_centre_g3       32          32  1193   19366.799193   19366.799193   5711     5711  0.294886  0.865588   1.373453   2.290814
3          wall_mid_gap_centre_g9       26          26  1199   16363.710034   16363.710034   3996     3996  0.244199  0.890799   1.160480   1.602888
4       wall_mid_gap_startedge_g3       32          32  1193   24599.167839   24599.167839   6166     6166  0.250659  0.888595   1.744522   2.473325
5      wall_mid_gap_targetedge_g3       32          32  1193   21117.200130   21117.200130   6921     6921  0.327742  0.839330   1.497588   2.776173
6    wall_nearstart_gap_centre_g3       32          32  1193   15306.913601   15306.913601   4665     4665  0.304764  0.850364   1.085534   1.871239
7   wall_neartarget_gap_centre_g3       32          32  1193   32212.409033   32212.409033   4341     4341  0.134762  0.948501   2.284437   1.741276
8                serpentine_k1_g3       32          32  1193   21343.114077   21343.114077   6750     6750  0.316261  0.847118   1.513609   2.707581
9                serpentine_k2_g3       64          64  1161   43869.911843   43869.911843  14302    14302  0.326009  0.825713   3.111163   5.736863
10               serpentine_k3_g3       96          96  1129   49880.885575   49880.885576  16886    16886  0.338526  0.819935   3.537449   6.773365
11               serpentine_k4_g3      128         128  1097   93318.312199   93318.312200  30424    30424  0.326024  0.822535   6.617941  12.203771
12               serpentine_k6_g3      192         192  1033  165747.881957  165747.881961  54165    54165  0.326792  0.821985  11.754495  21.726835
13               target_box_R3_g1        6           6  1219   30307.871286   30307.871286   3029     3029  0.099941  0.959742   2.149371   1.215002
14                start_box_R3_g1        6           6  1219   14124.994473   14124.994473   2610     2610  0.184779  0.911410   1.001715   1.046931
15               target_box_R5_g1       10          10  1215   32882.257557   32882.257557   3040     3040  0.092451  0.962670   2.331941   1.219414
16                start_box_R5_g1       10          10  1215   14354.905267   14354.905267   3112     3112  0.216790  0.894612   1.018020   1.248295
17               target_box_R8_g1       16          16  1209   35239.283591   35239.283591   3188     3188  0.090467  0.962321   2.499097   1.278781
18                start_box_R8_g1       16          16  1209   15101.652202   15101.652202   4444     4444  0.294272  0.854788   1.070978   1.782591
19               target_box_R5_g3        8           8  1217   22256.465680   22256.465680   2782     2782  0.124997  0.946325   1.578382   1.115925
20                start_box_R5_g3        8           8  1217   14166.524660   14166.524660   2740     2740  0.193414  0.907436   1.004660   1.099077
21                 both_box_R5_g1       20          20  1205   33014.324577   33014.324577   3799     3799  0.115071  0.950682   2.341307   1.523867
22             block6_near_target       36          36  1189   17302.607690   17302.607690   2536     2536  0.146568  0.934218   1.227065   1.017248
23                  block6_centre       36          36  1189   13950.983096   13950.983096   2674     2674  0.191671  0.910409   0.989375   1.072603
24              block6_near_start       36          36  1189   13689.853827   13689.853827   2498     2498  0.182471  0.913248   0.970856   1.002006
25                 block12_centre      144         144  1081   13458.851179   13458.851179   3074     3074  0.228400  0.889648   0.954474   1.233053
26                    periodic_a4       81          81  1144   16422.811776   16422.811776   2863     2863  0.174331  0.919730   1.164672   1.148416
27                    periodic_a3      121         121  1104   15272.725197   15272.725197   2945     2945  0.192827  0.908900   1.083110   1.181308
28                    periodic_a2      289         289   936   17588.706679   17588.706679   3494     3494  0.198650  0.905445   1.247355   1.401524
max rel diff mfpt 2.2497781415609097e-11  modes equal: 29 / 29
    a  oi  oj  blocked       p  tgt_nbr_blocked  mfpt_fac  mode_fac   ratio
0   2   0   0      322  0.2629                0    1.5003    1.5134  0.1783
1   2   0   1      306  0.2498                1    1.5397    1.5191  0.1744
2   2   1   0      306  0.2498                1    1.5397    1.5191  0.1744
3   2   1   1      289  0.2359                0    1.2474    1.4015  0.1987
4   3   0   0      143  0.1167                0    1.1931    1.2419  0.1840
5   3   0   1      144  0.1176                1    1.4687    1.3189  0.1588
6   3   0   2      132  0.1078                0    1.1192    1.2042  0.1902
7   3   1   0      144  0.1176                1    1.4687    1.3189  0.1588
8   3   1   1      143  0.1167                0    1.2186    1.2335  0.1790
9   3   1   2      132  0.1078                0    1.2069    1.2294  0.1801
10  3   2   0      132  0.1078                0    1.1192    1.2042  0.1902
11  3   2   1      132  0.1078                0    1.2069    1.2294  0.1801
12  3   2   2      121  0.0988                0    1.0831    1.1813  0.1928
13  4   0   0       80  0.0653                0    1.0599    1.1243  0.1876
14  4   0   1       81  0.0661                0    1.0939    1.1288  0.1824
15  4   0   2       81  0.0661                0    1.1696    1.1524  0.1742
16  4   0   3       72  0.0588                0    1.0428    1.1091  0.1880
17  4   1   0       81  0.0661                0    1.0939    1.1288  0.1824
18  4   1   1       81  0.0661                0    1.1647    1.1484  0.1743
19  4   1   2       81  0.0661                1    1.4311    1.2258  0.1514
20  4   1   3       72  0.0588                0    1.0631    1.1115  0.1848
21  4   2   0       81  0.0661                0    1.1696    1.1524  0.1742
22  4   2   1       81  0.0661                1    1.4311    1.2258  0.1514
23  4   2   2       80  0.0653                0    1.1127    1.1272  0.1791
24  4   2   3       72  0.0588                0    1.0974    1.1215  0.1807
25  4   3   0       72  0.0588                0    1.0428    1.1091  0.1880
26  4   3   1       72  0.0588                0    1.0631    1.1115  0.1848
27  4   3   2       72  0.0588                0    1.0974    1.1215  0.1807
28  4   3   3       64  0.0522                0    1.0335    1.0979  0.1878
anywhere     M=10 acc=1.000 mfpt_fac=1.0206+-0.0086 mode_fac=1.0185+-0.0025 ratio=0.1768+-0.0008 frac_below=0.205 elasticity=0.896
anywhere     M=20 acc=1.000 mfpt_fac=1.0380+-0.0106 mode_fac=1.0373+-0.0030 ratio=0.1772+-0.0011 frac_below=0.150 elasticity=0.982
anywhere     M=30 acc=1.000 mfpt_fac=1.0569+-0.0128 mode_fac=1.0563+-0.0036 ratio=0.1775+-0.0013 frac_below=0.110 elasticity=0.990
anywhere     M=40 acc=1.000 mfpt_fac=1.0781+-0.0173 mode_fac=1.0771+-0.0045 ratio=0.1780+-0.0016 frac_below=0.050 elasticity=0.989
centre       M=10 acc=1.000 mfpt_fac=1.0002+-0.0002 mode_fac=1.0295+-0.0005 ratio=0.1820+-0.0001 frac_below=0.450 elasticity=125.090
centre       M=20 acc=1.000 mfpt_fac=1.0019+-0.0004 mode_fac=1.0649+-0.0013 ratio=0.1879+-0.0002 frac_below=0.255 elasticity=33.558
centre       M=30 acc=1.000 mfpt_fac=1.0047+-0.0006 mode_fac=1.1059+-0.0022 ratio=0.1946+-0.0003 frac_below=0.115 elasticity=21.343
centre       M=40 acc=1.000 mfpt_fac=1.0078+-0.0008 mode_fac=1.1482+-0.0029 ratio=0.2014+-0.0004 frac_below=0.055 elasticity=17.815
near_start   M=10 acc=0.990 mfpt_fac=0.9935+-0.0001 mode_fac=1.0127+-0.0011 ratio=0.1802+-0.0002 frac_below=1.000 elasticity=-1.920
near_start   M=20 acc=0.962 mfpt_fac=0.9893+-0.0005 mode_fac=1.0491+-0.0049 ratio=0.1875+-0.0008 frac_below=0.980 elasticity=-4.458
near_start   M=30 acc=0.889 mfpt_fac=0.9905+-0.0013 mode_fac=1.1432+-0.0125 ratio=0.2039+-0.0019 frac_below=0.885 elasticity=-13.993
near_start   M=40 acc=0.662 mfpt_fac=1.0024+-0.0038 mode_fac=1.3480+-0.0337 ratio=0.2368+-0.0048 frac_below=0.630 elasticity=122.598
near_target  M=10 acc=0.995 mfpt_fac=1.2371+-0.0280 mode_fac=1.0551+-0.0062 ratio=0.1530+-0.0019 frac_below=0.000 elasticity=0.252
near_target  M=20 acc=0.948 mfpt_fac=1.6128+-0.0543 mode_fac=1.1251+-0.0090 ratio=0.1276+-0.0025 frac_below=0.000 elasticity=0.247
near_target  M=30 acc=0.893 mfpt_fac=2.2901+-0.0829 mode_fac=1.2288+-0.0108 ratio=0.0991+-0.0024 frac_below=0.000 elasticity=0.249
near_target  M=40 acc=0.643 mfpt_fac=3.4268+-0.1305 mode_fac=1.3617+-0.0162 ratio=0.0741+-0.0021 frac_below=0.000 elasticity=0.251
