              mfpt   mode     ratio        cv
N                                            
10      752.917391    172  0.228445  0.886891
15     1983.649256    414  0.208706  0.899227
20     3892.265541    765  0.196544  0.906558
25     6525.223800   1228  0.188193  0.911589
35    14100.808050   2493  0.176798  0.918277
50    31614.797669   5253  0.166156  0.924389
70    67212.385164  10570  0.157263  0.929403
100  148520.757166  22110  0.148868  0.934061
140  312092.123783  44248  0.141779  0.937941
200  682335.273705  92116  0.135001  0.941596
N=15 p=0.1 K=200 mfpt_fac=1.255+-0.035 mode_fac=1.283+-0.015 ratio=0.2187+-0.0042 shift=+0.0100 rom_shift=+0.0047 [24s]
N=15 p=0.2 K=200 mfpt_fac=1.839+-0.081 mode_fac=1.908+-0.054 ratio=0.2292+-0.0077 shift=+0.0205 rom_shift=+0.0078 [24s]
N=25 p=0.1 K=200 mfpt_fac=1.310+-0.038 mode_fac=1.302+-0.011 ratio=0.1920+-0.0035 shift=+0.0038 rom_shift=-0.0011 [26s]
N=25 p=0.2 K=200 mfpt_fac=1.844+-0.074 mode_fac=1.900+-0.033 ratio=0.2038+-0.0055 shift=+0.0156 rom_shift=+0.0057 [27s]
N=50 p=0.1 K=200 mfpt_fac=1.306+-0.033 mode_fac=1.296+-0.009 ratio=0.1682+-0.0026 shift=+0.0021 rom_shift=-0.0012 [36s]
N=50 p=0.2 K=200 mfpt_fac=1.820+-0.064 mode_fac=1.899+-0.021 ratio=0.1797+-0.0038 shift=+0.0135 rom_shift=+0.0072 [49s]
N=70 p=0.1 K=100 mfpt_fac=1.328+-0.048 mode_fac=1.299+-0.013 ratio=0.1569+-0.0034 shift=-0.0004 rom_shift=-0.0035 [68s]
N=70 p=0.2 K=100 mfpt_fac=1.795+-0.075 mode_fac=1.879+-0.023 ratio=0.1692+-0.0045 shift=+0.0119 rom_shift=+0.0074 [88s]
N=100 p=0.1 K=60 mfpt_fac=1.282+-0.039 mode_fac=1.290+-0.011 ratio=0.1512+-0.0030 shift=+0.0023 rom_shift=+0.0010 [121s]
N=100 p=0.2 K=60 mfpt_fac=1.875+-0.077 mode_fac=1.894+-0.024 ratio=0.1531+-0.0043 shift=+0.0042 rom_shift=+0.0015 [162s]
N=140 p=0.1 K=30 mfpt_fac=1.293+-0.059 mode_fac=1.288+-0.016 ratio=0.1426+-0.0040 shift=+0.0008 rom_shift=-0.0005 [237s]
N=140 p=0.2 K=30 mfpt_fac=1.948+-0.168 mode_fac=1.911+-0.045 ratio=0.1437+-0.0073 shift=+0.0020 rom_shift=-0.0027 [335s]
