35 0.0 1 14100.808049917598 3.299260139465332
35 0.1 800 18289.92657625647 5.162709951400757
35 0.2 800 26115.94934860566 6.762813091278076
50 0.0 1 31614.79766885743 6.788317918777466
50 0.1 800 41041.90078045409 10.45988917350769
50 0.2 800 58040.10912397719 13.463399171829224
70 0.0 1 67212.38516426791 13.518618106842041
70 0.1 800 87355.55417062242 20.485138177871704
70 0.2 800 124733.20161389626 26.202799081802368
100 0.0 1 148520.75716605072 26.275656938552856
100 0.1 600 189315.98555692736 37.56735897064209
100 0.2 600 275899.16010467766 46.21242713928223
140 0.0 1 312092.1237813796 46.34733605384827
140 0.1 400 405148.0352340485 62.33640813827515
140 0.2 400 574200.4668940033 73.66335105895996
200 0.0 1 682335.2736981611 73.86634111404419
200 0.1 300 893307.9761433955 97.57426500320435
200 0.2 300 1283043.7008845923 115.24589514732361
280 0.0 1 1421344.8103726003 115.73211812973022
280 0.1 200 1842161.8295205988 153.96122217178345
280 0.2 200 2653627.9477789663 179.2787561416626
