1d 0.05 {'mfpt': 14799.849999999897, 'mfpt_ci': 120.85500186006024, 'exact_avg': 14850.0, 'mode': 4930.29, 'mode_ci': 35.631656795588334, 'ratio': 0.3335654196716343, 'ratio_ci': 0.0011304838987443745, 'ratio_sd': 0.011535549987187496, 'cv': 0.8165996688953089, 'max_rel_err_formula': 6.228351168147128e-14}
1d 0.1 {'mfpt': 17399.599999999573, 'mfpt_ci': 177.4140594614451, 'exact_avg': 17325.0, 'mode': 5764.465, 'mode_ci': 53.19776268605764, 'ratio': 0.33192648187784485, 'ratio_ci': 0.0013980757518213644, 'ratio_sd': 0.014266079100218003, 'cv': 0.8179046579162133, 'max_rel_err_formula': 1.2922996006636822e-13}
1d 0.2 {'mfpt': 22300.749999997915, 'mfpt_ci': 214.75583400764498, 'exact_avg': 22275.0, 'mode': 7398.2525, 'mode_ci': 66.01022028345042, 'ratio': 0.33229794641328697, 'ratio_ci': 0.0014519518383686644, 'ratio_sd': 0.014815835085394535, 'cv': 0.8177238400136764, 'max_rel_err_formula': 4.3876013933186186e-13}
1d 0.3 {'mfpt': 27257.724999993065, 'mfpt_ci': 257.66412069771064, 'exact_avg': 27225.000000000004, 'mode': 9070.545, 'mode_ci': 78.93937649141927, 'ratio': 0.33329534000883654, 'ratio_ci': 0.0013521455402725599, 'ratio_sd': 0.013797403472168979, 'cv': 0.8169972874601393, 'max_rel_err_formula': 8.042455590384634e-13}
1d 0.5 {'mfpt': 37178.77499996687, 'mfpt_ci': 290.413950719416, 'exact_avg': 37125.0, 'mode': 12341.7725, 'mode_ci': 86.55953693411603, 'ratio': 0.3323343004351828, 'ratio_ci': 0.0010489768937205523, 'ratio_sd': 0.010703845854291351, 'cv': 0.8174727999932311, 'max_rel_err_formula': 1.8648416144628754e-12}
perm 0 {'mfpt': 18121.28737988622, 'mfpt_ci': 751.7546131335724, 'mode': 3207.71, 'mode_ci': 38.8044731496072, 'ratio': 0.18120352929920283, 'ratio_ci': 0.004047763249986005, 'cv': 0.915895163544631}
perm 0.001 {'mfpt': 20112.596764173228, 'mfpt_ci': 825.4404062217816, 'mode': 3245.3, 'mode_ci': 45.44407371304166, 'ratio': 0.16483774657775185, 'ratio_ci': 0.0034006800787782, 'cv': 0.9244830120753474}
perm 0.01 {'mfpt': 19897.87388484384, 'mfpt_ci': 768.5755076594229, 'mode': 3556.4, 'mode_ci': 42.24474845899353, 'ratio': 0.18241165712083388, 'ratio_ci': 0.0037952385352894484, 'cv': 0.9167154853329638}
perm 0.1 {'mfpt': 18427.106024846613, 'mfpt_ci': 473.59509505897114, 'mode': 3304.18, 'mode_ci': 27.270662665652964, 'ratio': 0.18111578203957454, 'ratio_ci': 0.002775701649544231, 'cv': 0.9159775532130604}
perm 0.3 {'mfpt': 16680.745289394574, 'mfpt_ci': 244.88052765693615, 'mode': 2992.45, 'mode_ci': 14.4123285762537, 'ratio': 0.18002181067653164, 'ratio_ci': 0.001676034834435566, 'cv': 0.9164678577280447}
perm 0.6 {'mfpt': 15236.878358144897, 'mfpt_ci': 100.0010190120908, 'mode': 2717.38, 'mode_ci': 5.900013375228804, 'ratio': 0.17847175021257614, 'ratio_ci': 0.0007721241924923338, 'cv': 0.9173231852889756}
trap 1e-05 {'H': 0.9861156556011932, 'H_ci': 3.877102163001306e-05, 'H_meanfield': 0.9860800920730343, 'cond_mean': 13935.500603239176, 'cond_mean_ci': 0.5235671066760053, 'mode': 2486.0, 'ratio': 0.1783933108114928, 'ratio_of_means': 0.17839330432249795}
trap 0.0001 {'H': 0.875556271661005, 'H_ci': 0.00031197956606174434, 'H_meanfield': 0.8752168440130991, 'cond_mean': 12618.069518813816, 'cond_mean_ci': 4.212314068854639, 'mode': 2428.74, 'ratio': 0.19248155863205002, 'ratio_of_means': 0.19248110785716432}
trap 0.001 {'H': 0.39068011401763464, 'H_ci': 0.0008410168205964014, 'H_meanfield': 0.38867889003984674, 'cond_mean': 6789.047055121901, 'cond_mean_ci': 10.219736581162046, 'mode': 2059.94, 'ratio': 0.3034349093961357, 'ratio_of_means': 0.30342108152659025}
trap 0.01 {'H': 0.0276586012487649, 'H_ci': 0.0003944448741508742, 'H_meanfield': 0.02559250465817904, 'cond_mean': 1891.174438174496, 'cond_mean_ci': 3.977618629215324, 'mode': 1208.7, 'ratio': 0.6391352192160835, 'ratio_of_means': 0.6391266588642814}
{
 "1d_clean": {
  "mfpt": 12375.0,
  "formula": 12375.0,
  "mode": 4124,
  "ratio": 0.33325252525252524,
  "cv": 0.8164883334458605
 },
 "1d_single_k0.1": {
  "max_rel_err_formula": 1.27675647831893e-14,
  "ratio_min": 0.31309271054494026,
  "bond_min": 77,
  "ratio_max": 0.352991452991456,
  "bond_max": 21
 }
}
