runs to do: 7
3 CC 60 0.8 certified 21175 24641 17.3s
2 CC 241 0.8 certified 135051 169217 26.6s
3 CC 70 0.8 certified 29447 34177 36.7s
2 CC 301 0.8 certified 212975 266465 65.6s
3 CC 80 0.8 certified 39161 45345 90.6s
2 CC 401 0.8 certified 383013 478369 212.7s
3 CC 100 0.8 certified 62998 72673 248.4s
{
 "generated_by": "code/article/s3_methods_certificate.py",
 "statement": "f(t') <= ||Q^k e_o|| ||Q^k r|| for t' >= 2k+1 (Cauchy-Schwarz, Proposition s3_methods:prop-certificate(b)); certificate with relative margin 1e-6",
 "n_runs_in_route_A": 193,
 "n_runs_done": 193,
 "all_runs": {
  "n": 193,
  "n_certified": 193,
  "n_mode_equals_stored": 193,
  "not_certified": [],
  "t_cert_over_mode_min": 1.1535763040096512,
  "t_cert_over_mode_max": 5.5,
  "n_single_local_maximum_below_t_cert": 186,
  "n_monotone_from_mode_to_t_cert": 188,
  "n_exact_ties": 0,
  "max_f_max_rel_diff_from_stored": 5.120348589571222e-13,
  "min_gap_rel": 3.178449470094813e-13,
  "max_roundoff_rel_near_mode": 8.881784197001252e-16,
  "n_argmax_resolved": 193,
  "argmax_not_resolved": [],
  "wall_s_total": 821.6
 },
 "point_target_q_le_0.9": {
  "n": 151,
  "n_certified": 151,
  "n_mode_equals_stored": 151,
  "not_certified": [],
  "t_cert_over_mode_min": 1.1535763040096512,
  "t_cert_over_mode_max": 5.5,
  "n_single_local_maximum_below_t_cert": 151,
  "n_monotone_from_mode_to_t_cert": 151,
  "n_exact_ties": 0,
  "max_f_max_rel_diff_from_stored": 5.120348589571222e-13,
  "min_gap_rel": 3.178449470094813e-13,
  "max_roundoff_rel_near_mode": 8.881784197001252e-16,
  "n_argmax_resolved": 151,
  "argmax_not_resolved": [],
  "wall_s_total": 815.8
 },
 "CC_q0.8": {
  "n": 81,
  "n_certified": 81,
  "n_mode_equals_stored": 81,
  "not_certified": [],
  "t_cert_over_mode_min": 1.1535763040096512,
  "t_cert_over_mode_max": 4.125,
  "n_single_local_maximum_below_t_cert": 81,
  "n_monotone_from_mode_to_t_cert": 81,
  "n_exact_ties": 0,
  "max_f_max_rel_diff_from_stored": 5.120348589571222e-13,
  "min_gap_rel": 3.178449470094813e-13,
  "max_roundoff_rel_near_mode": 8.881784197001252e-16,
  "n_argmax_resolved": 81,
  "argmax_not_resolved": [],
  "wall_s_total": 755.0
 },
 "CC_q0.8_d1": {
  "n": 33,
  "n_certified": 33,
  "n_mode_equals_stored": 33,
  "not_certified": [],
  "t_cert_over_mode_min": 1.4034140472251466,
  "t_cert_over_mode_max": 4.125,
  "n_single_local_maximum_below_t_cert": 33,
  "n_monotone_from_mode_to_t_cert": 33,
  "n_exact_ties": 0,
  "max_f_max_rel_diff_from_stored": 9.880984919163893e-14,
  "min_gap_rel": 2.3277035934891886e-12,
  "max_roundoff_rel_near_mode": 8.881784197001252e-16,
  "n_argmax_resolved": 33,
  "argmax_not_resolved": [],
  "wall_s_total": 6.4
 },
 "CC_q0.8_d2": {
  "n": 31,
  "n_certified": 31,
  "n_mode_equals_stored": 31,
  "not_certified": [],
  "t_cert_over_mode_min": 1.248962828937921,
  "t_cert_over_mode_max": 1.8055555555555556,
  "n_single_local_maximum_below_t_cert": 31,
  "n_monotone_from_mode_to_t_cert": 31,
  "n_exact_ties": 0,
  "max_f_max_rel_diff_from_stored": 5.120348589571222e-13,
  "min_gap_rel": 3.178449470094813e-13,
  "max_roundoff_rel_near_mode": 5.551115123125783e-16,
  "n_argmax_resolved": 31,
  "argmax_not_resolved": [],
  "wall_s_total": 340.9
 },
 "CC_q0.8_d3": {
  "n": 17,
  "n_certified": 17,
  "n_mode_equals_stored": 17,
  "not_certified": [],
  "t_cert_over_mode_min": 1.1535763040096512,
  "t_cert_over_mode_max": 1.5176470588235293,
  "n_single_local_maximum_below_t_cert": 17,
  "n_monotone_from_mode_to_t_cert": 17,
  "n_exact_ties": 0,
  "max_f_max_rel_diff_from_stored": 1.0969003483296547e-13,
  "min_gap_rel": 9.208354613663214e-12,
  "max_roundoff_rel_near_mode": 8.881784197001252e-16,
  "n_argmax_resolved": 17,
  "argmax_not_resolved": [],
  "wall_s_total": 407.7
 },
 "exit": {
  "n": 34,
  "n_certified": 34,
  "n_mode_equals_stored": 34,
  "not_certified": [],
  "t_cert_over_mode_min": 1.4038046087373979,
  "t_cert_over_mode_max": 4.714285714285714,
  "n_single_local_maximum_below_t_cert": 31,
  "n_monotone_from_mode_to_t_cert": 32,
  "n_exact_ties": 0,
  "max_f_max_rel_diff_from_stored": 2.220446049250313e-15,
  "min_gap_rel": 1.2004290956566939e-09,
  "max_roundoff_rel_near_mode": 4.440892098500626e-16,
  "n_argmax_resolved": 34,
  "argmax_not_resolved": [],
  "wall_s_total": 3.7
 },
 "q1": {
  "n": 8,
  "n_certified": 8,
  "n_mode_equals_stored": 8,
  "not_certified": [],
  "t_cert_over_mode_min": 1.1825299730853926,
  "t_cert_over_mode_max": 1.8088942307692308,
  "n_single_local_maximum_below_t_cert": 4,
  "n_monotone_from_mode_to_t_cert": 5,
  "n_exact_ties": 0,
  "max_f_max_rel_diff_from_stored": 8.659739592076221e-15,
  "min_gap_rel": 1.0188657767678625e-09,
  "max_roundoff_rel_near_mode": 4.440892098500626e-16,
  "n_argmax_resolved": 8,
  "argmax_not_resolved": [],
  "wall_s_total": 2.1
 }
}
