runs to do: 4
2 CC 160 0.8 certified 58239 73185 5.6s
3 CC 50 0.8 certified 14323 16737 8.7s
2 CC 180 0.8 certified 74192 93153 8.4s
2 CC 200 0.8 certified 92116 115585 12.7s
{
 "generated_by": "code/article/s3_methods_certificate.py",
 "statement": "f(t') <= ||Q^k e_o|| ||Q^k r|| for t' >= 2k+1 (Cauchy-Schwarz, Proposition s3_methods:prop-certificate(b)); certificate with relative margin 1e-6",
 "n_runs_in_route_A": 193,
 "n_runs_done": 186,
 "all_runs": {
  "n": 186,
  "n_certified": 186,
  "n_mode_equals_stored": 186,
  "not_certified": [],
  "t_cert_over_mode_min": 1.1685401103120854,
  "t_cert_over_mode_max": 5.5,
  "n_single_local_maximum_below_t_cert": 179,
  "n_monotone_from_mode_to_t_cert": 181,
  "n_exact_ties": 0,
  "max_f_max_rel_diff_from_stored": 1.4477308241112041e-13,
  "min_gap_rel": 2.3277035934891886e-12,
  "max_roundoff_rel_near_mode": 8.881784197001252e-16,
  "n_argmax_resolved": 186,
  "argmax_not_resolved": [],
  "wall_s_total": 123.7
 },
 "point_target_q_le_0.9": {
  "n": 144,
  "n_certified": 144,
  "n_mode_equals_stored": 144,
  "not_certified": [],
  "t_cert_over_mode_min": 1.1685401103120854,
  "t_cert_over_mode_max": 5.5,
  "n_single_local_maximum_below_t_cert": 144,
  "n_monotone_from_mode_to_t_cert": 144,
  "n_exact_ties": 0,
  "max_f_max_rel_diff_from_stored": 1.4477308241112041e-13,
  "min_gap_rel": 2.3277035934891886e-12,
  "max_roundoff_rel_near_mode": 8.881784197001252e-16,
  "n_argmax_resolved": 144,
  "argmax_not_resolved": [],
  "wall_s_total": 118.0
 },
 "CC_q0.8": {
  "n": 74,
  "n_certified": 74,
  "n_mode_equals_stored": 74,
  "not_certified": [],
  "t_cert_over_mode_min": 1.1685401103120854,
  "t_cert_over_mode_max": 4.125,
  "n_single_local_maximum_below_t_cert": 74,
  "n_monotone_from_mode_to_t_cert": 74,
  "n_exact_ties": 0,
  "max_f_max_rel_diff_from_stored": 1.0291767438275201e-13,
  "min_gap_rel": 2.3277035934891886e-12,
  "max_roundoff_rel_near_mode": 8.881784197001252e-16,
  "n_argmax_resolved": 74,
  "argmax_not_resolved": [],
  "wall_s_total": 57.2
 },
 "CC_q0.8_d1": {
  "n": 33,
  "n_certified": 33,
  "n_mode_equals_stored": 33,
  "not_certified": [],
  "t_cert_over_mode_min": 1.4034140472251466,
  "t_cert_over_mode_max": 4.125,
  "n_single_local_maximum_below_t_cert": 33,
  "n_monotone_from_mode_to_t_cert": 33,
  "n_exact_ties": 0,
  "max_f_max_rel_diff_from_stored": 9.880984919163893e-14,
  "min_gap_rel": 2.3277035934891886e-12,
  "max_roundoff_rel_near_mode": 8.881784197001252e-16,
  "n_argmax_resolved": 33,
  "argmax_not_resolved": [],
  "wall_s_total": 6.4
 },
 "CC_q0.8_d2": {
  "n": 28,
  "n_certified": 28,
  "n_mode_equals_stored": 28,
  "not_certified": [],
  "t_cert_over_mode_min": 1.2547765860436841,
  "t_cert_over_mode_max": 1.8055555555555556,
  "n_single_local_maximum_below_t_cert": 28,
  "n_monotone_from_mode_to_t_cert": 28,
  "n_exact_ties": 0,
  "max_f_max_rel_diff_from_stored": 1.0291767438275201e-13,
  "min_gap_rel": 3.181176176591025e-11,
  "max_roundoff_rel_near_mode": 5.551115123125783e-16,
  "n_argmax_resolved": 28,
  "argmax_not_resolved": [],
  "wall_s_total": 36.0
 },
 "CC_q0.8_d3": {
  "n": 13,
  "n_certified": 13,
  "n_mode_equals_stored": 13,
  "not_certified": [],
  "t_cert_over_mode_min": 1.1685401103120854,
  "t_cert_over_mode_max": 1.5176470588235293,
  "n_single_local_maximum_below_t_cert": 13,
  "n_monotone_from_mode_to_t_cert": 13,
  "n_exact_ties": 0,
  "max_f_max_rel_diff_from_stored": 5.084821452783217e-14,
  "min_gap_rel": 7.413994065515455e-11,
  "max_roundoff_rel_near_mode": 4.440892098500626e-16,
  "n_argmax_resolved": 13,
  "argmax_not_resolved": [],
  "wall_s_total": 14.7
 },
 "exit": {
  "n": 34,
  "n_certified": 34,
  "n_mode_equals_stored": 34,
  "not_certified": [],
  "t_cert_over_mode_min": 1.4038046087373979,
  "t_cert_over_mode_max": 4.714285714285714,
  "n_single_local_maximum_below_t_cert": 31,
  "n_monotone_from_mode_to_t_cert": 32,
  "n_exact_ties": 0,
  "max_f_max_rel_diff_from_stored": 2.220446049250313e-15,
  "min_gap_rel": 1.2004290956566939e-09,
  "max_roundoff_rel_near_mode": 4.440892098500626e-16,
  "n_argmax_resolved": 34,
  "argmax_not_resolved": [],
  "wall_s_total": 3.7
 },
 "q1": {
  "n": 8,
  "n_certified": 8,
  "n_mode_equals_stored": 8,
  "not_certified": [],
  "t_cert_over_mode_min": 1.1825299730853926,
  "t_cert_over_mode_max": 1.8088942307692308,
  "n_single_local_maximum_below_t_cert": 4,
  "n_monotone_from_mode_to_t_cert": 5,
  "n_exact_ties": 0,
  "max_f_max_rel_diff_from_stored": 8.659739592076221e-15,
  "min_gap_rel": 1.0188657767678625e-09,
  "max_roundoff_rel_near_mode": 4.440892098500626e-16,
  "n_argmax_resolved": 8,
  "argmax_not_resolved": [],
  "wall_s_total": 2.1
 }
}
