 scheme    p   K  acceptance         mfpt     mfpt_ci       mode    mode_ci    ratio  ratio_ci  ratio_of_means       cv  mfpt_factor  mode_factor  hom_factor
  smart 0.00   1    1.000000 14100.808050    0.000000  2493.0000   0.000000 0.176798  0.000000        0.176798 0.918277     1.000000     1.000000    1.000000
  smart 0.02 400    1.000000 14474.566767   49.988192  2596.5550   2.614361 0.179538  0.000440        0.179387 0.916722     1.026506     1.041538    1.044996
  smart 0.04 400    1.000000 14944.243876  101.155013  2708.0925   5.189305 0.181748  0.000791        0.181213 0.915488     1.059815     1.086279    1.095781
  smart 0.06 400    1.000000 15408.847251  125.065837  2838.8300   7.154284 0.185017  0.000977        0.184234 0.913651     1.092763     1.138720    1.152007
  smart 0.08 400    0.997506 16054.125793  178.095579  2984.4050   9.474284 0.187296  0.001288        0.185896 0.912412     1.138525     1.197114    1.215542
  smart 0.10 400    0.997506 16719.864687  207.406908  3149.0275  11.380983 0.190090  0.001446        0.188340 0.910878     1.185738     1.263148    1.289133
  smart 0.12 400    1.000000 17417.823102  241.409509  3343.1475  15.578294 0.194053  0.001604        0.191938 0.908640     1.235236     1.341014    1.372161
  smart 0.14 400    0.990099 18314.584470  263.203960  3583.9275  19.509419 0.198226  0.001900        0.195687 0.906449     1.298832     1.437596    1.468854
  smart 0.16 400    0.987654 19534.229790  350.114234  3830.2475  22.246070 0.199935  0.002302        0.196079 0.905514     1.385327     1.536401    1.583034
  smart 0.18 400    0.992556 20482.965309  400.904321  4144.3125  30.226640 0.206480  0.002412        0.202330 0.902017     1.452609     1.662380    1.719014
  smart 0.20 400    0.980392 22722.081108  477.433295  4554.3825  39.571933 0.205951  0.002954        0.200439 0.902509     1.611403     1.826868    1.876941
  smart 0.25 400    0.952381 28377.317314  780.252955  6066.8725  95.015674 0.222187  0.004072        0.213793 0.894226     2.012460     2.433563    2.489252
  smart 0.30 400    0.801603 40108.707886 1325.219488  9111.8575 251.814183 0.238462  0.005762        0.227179 0.886691     2.844426     3.654977    3.738739
  smart 0.35 400    0.488400 57148.071176 2112.812905 14049.0400 512.571373 0.257524  0.007072        0.245836 0.877978     4.052822     5.635395    7.564394
uniform 0.00   1    1.000000 14100.808050    0.000000  2493.0000   0.000000 0.176798  0.000000        0.176798 0.918277     1.000000     1.000000    1.000000
uniform 0.02 400    0.995025 14710.836067  118.379410  2605.6800   5.961651 0.177800  0.000824        0.177127 0.917703     1.043262     1.045199    1.044996
uniform 0.04 400    0.997506 15540.047262  207.556500  2735.6075   9.379191 0.177747  0.001282        0.176036 0.917750     1.102068     1.097315    1.095781
uniform 0.06 400    0.990099 16484.473407  254.203351  2889.3700  12.709190 0.177748  0.001588        0.175278 0.917807     1.169045     1.158993    1.152007
uniform 0.08 400    0.970874 17074.344185  284.746363  3035.4900  14.166189 0.180609  0.001711        0.177781 0.916210     1.210877     1.217605    1.215542
uniform 0.10 400    0.982801 18331.999325  372.355094  3225.9950  18.769855 0.180144  0.002082        0.175976 0.916507     1.300067     1.294021    1.289133
uniform 0.12 400    0.952381 19976.618780  466.883814  3462.5200  23.151377 0.178862  0.002421        0.173329 0.917277     1.416700     1.388897    1.372161
uniform 0.14 400    0.943396 20968.477206  478.463685  3710.2200  25.571353 0.182567  0.002532        0.176943 0.915368     1.487041     1.488255    1.468854
uniform 0.16 400    0.904977 22065.576059  530.593387  3991.9700  31.358816 0.187240  0.002723        0.180914 0.912847     1.564845     1.601272    1.583034
uniform 0.18 400    0.875274 23955.640033  594.220983  4343.0650  37.482988 0.188123  0.002961        0.181296 0.912619     1.698884     1.742104    1.719014
uniform 0.20 400    0.849257 25946.303421  674.176025  4778.8025  47.054774 0.191801  0.003204        0.184180 0.910742     1.840058     1.916888    1.876941
uniform 0.25 400    0.694444 32702.002132  932.538897  6306.7650  94.232818 0.202216  0.004056        0.192856 0.906193     2.319158     2.529789    2.489252
uniform 0.30 400    0.495663 42981.115807 1278.445567  9214.6325 232.259046 0.224530  0.005625        0.214388 0.894972     3.048131     3.696202    3.738739
uniform 0.35 400    0.240674 59671.497627 1917.937490 14430.3150 512.583307 0.249731  0.006683        0.241829 0.881892     4.231779     5.788333    7.564394
{
 "uniform": {
  "spearman_rho": 0.2320287783049122,
  "p_value": 4.754687866065315e-50,
  "ols_slope": 0.07594079472744124,
  "ols_slope_se": 0.006326366997284389,
  "n": 4001
 },
 "smart": {
  "spearman_rho": 0.5081501582525078,
  "p_value": 1.0321321821115446e-261,
  "ols_slope": 0.15822659001722084,
  "ols_slope_se": 0.00497511141829502,
  "n": 4001
 }
}
 scheme   p        y                                     x  spearman  exp_nGtt  exp_taurel       R2
uniform 0.1 log mfpt log(n G_tt), log(tau_rel) [exponents]       NaN  0.913541    0.050514 0.999772
uniform 0.1 log mode log(n G_tt), log(tau_rel) [exponents]       NaN  0.275530    0.438604 0.914997
uniform 0.2 log mfpt log(n G_tt), log(tau_rel) [exponents]       NaN  0.904673    0.058183 0.999051
uniform 0.2 log mode log(n G_tt), log(tau_rel) [exponents]       NaN  0.264088    0.340648 0.703413
  smart 0.1 log mfpt log(n G_tt), log(tau_rel) [exponents]       NaN  0.906928    0.044346 0.999521
  smart 0.1 log mode log(n G_tt), log(tau_rel) [exponents]       NaN  0.253218    0.284402 0.790262
  smart 0.2 log mfpt log(n G_tt), log(tau_rel) [exponents]       NaN  0.896336    0.055489 0.998194
  smart 0.2 log mode log(n G_tt), log(tau_rel) [exponents]       NaN  0.252543    0.270016 0.531651
y           mfpt   mode  ratio
x                             
G_ss      -0.013  0.070  0.060
G_st      -0.184 -0.643 -0.112
G_tt       0.999  0.724 -0.932
blk_s_r3   0.030 -0.057 -0.068
blk_s_r6  -0.077 -0.104  0.049
blk_t_r3   0.608  0.493 -0.533
blk_t_r6   0.663  0.440 -0.650
chem_dist  0.208  0.200 -0.156
deg_s     -0.040 -0.037  0.045
deg_t     -0.443 -0.335  0.411
n_cluster -0.072 -0.043  0.078
tau_rel    0.027  0.398  0.191
 scheme   p  deg_t   K       mfpt   mfpt_ci      mode  mode_ci  ratio  ratio_ci
uniform 0.1      1  64 22523.0949  711.3939 3462.2188  35.1477 0.1553    0.0033
uniform 0.1      2 336 17533.6954  365.0322 3181.0000  17.6378 0.1849    0.0020
uniform 0.2      1 129 29390.5584 1081.7043 4978.4341  71.8581 0.1740    0.0042
uniform 0.2      2 271 24306.7872  783.0763 4683.7749  57.3412 0.2003    0.0039
uniform 0.3      1 173 44627.8534 1788.1240 9330.1734 367.1592 0.2156    0.0074
uniform 0.3      2 227 41726.1131 1788.1825 9126.5771 300.6175 0.2313    0.0081
  smart 0.1      1  22 21489.0656 1119.8399 3413.0000  49.8711 0.1600    0.0049
  smart 0.1      2 378 16442.2921  173.7649 3133.6640   9.6900 0.1918    0.0013
  smart 0.2      1  48 26671.8762 1266.4662 4848.9792 105.8112 0.1850    0.0067
  smart 0.2      2 352 22183.4727  489.9594 4514.2102  40.9989 0.2088    0.0031
  smart 0.3      1  58 43356.7284 3054.9377 9472.2759 694.0302 0.2264    0.0147
  smart 0.3      2 342 39557.8740 1458.3894 9050.7339 270.9275 0.2405    0.0063
{
 "uniform": {
  "pred_slope_mfpt": 2.2706457342786455,
  "pred_slope_mode": 2.183343791049869,
  "measured_slope_mfpt_p002": 2.1198340345320066,
  "measured_slope_mfpt_ci": 0.4113658625376868,
  "measured_slope_mode_p002": 2.2147292418772486,
  "measured_slope_mode_ci": 0.11717645548844698,
  "pred_slope_ratio": -0.08730194322877649
 },
 "smart": {
  "pred_slope_mfpt": 1.2609368003183852,
  "pred_slope_mode": 1.9227505704254864,
  "measured_slope_mfpt_p002": 1.2988033778599402,
  "measured_slope_mfpt_ci": 0.17370787653522354,
  "measured_slope_mode_p002": 2.0353770557561117,
  "measured_slope_mode_ci": 0.051385349694006884,
  "pred_slope_ratio": 0.6618137701071012
 },
 "pi_minus_1": 2.141592653589793,
 "frac_sites_lowering_mfpt": 0.6762060506950123,
 "frac_sites_lowering_mode": 0.05396565821749796,
 "max_chi_mfpt": {
  "value": 0.3817497049201472,
  "site": [
   33,
   34
  ]
 },
 "max_chi_mode": {
  "value": 0.1053006086540468,
  "site": [
   33,
   34
  ]
 },
 "min_chi_mfpt": {
  "value": -0.0010372917412311,
  "site": [
   1,
   1
  ]
 },
 "share_mfpt_within_3_of_target": 0.6385733615913649,
 "share_mode_within_3_of_target": 0.1895308648525749,
 "share_mfpt_within_3_of_start": -0.004083961873996967,
 "share_mode_within_3_of_start": -0.006832866099682851,
 "share_mfpt_within_6_of_target": 0.8762576125430609,
 "share_mode_within_6_of_target": 0.24982585752058745,
 "share_mfpt_within_6_of_start": -0.012537211982079792,
 "share_mode_within_6_of_start": -0.009698435390991961,
 "share_mfpt_within_10_of_target": 1.0456330284581308,
 "share_mode_within_10_of_target": 0.2795348736483822,
 "share_mfpt_within_10_of_start": -0.029382209291895618,
 "share_mode_within_10_of_start": 0.014968666490222339
}
  N   p   K        mfpt      mode  ratio  ratio_ci  inv_ratio  inv_ratio_ci     cv    lnN    mfpt_ci   mode_ci  mfpt_factor  mfpt_factor_ci  mode_factor  mode_factor_ci  hom_factor  ratio_shift
 10 0.0   1    752.9174   172.000 0.2284    0.0000     4.3774        0.0000 0.8869 2.3026        NaN       NaN          NaN             NaN          NaN             NaN         NaN          NaN
 15 0.0   1   1983.6493   414.000 0.2087    0.0000     4.7914        0.0000 0.8992 2.7081        NaN       NaN          NaN             NaN          NaN             NaN         NaN          NaN
 20 0.0   1   3892.2655   765.000 0.1965    0.0000     5.0879        0.0000 0.9066 2.9957        NaN       NaN          NaN             NaN          NaN             NaN         NaN          NaN
 25 0.0   1   6525.2238  1228.000 0.1882    0.0000     5.3137        0.0000 0.9116 3.2189        NaN       NaN          NaN             NaN          NaN             NaN         NaN          NaN
 35 0.0   1  14100.8080  2493.000 0.1768    0.0000     5.6562        0.0000 0.9183 3.5553        NaN       NaN          NaN             NaN          NaN             NaN         NaN          NaN
 50 0.0   1  31614.7977  5253.000 0.1662    0.0000     6.0184        0.0000 0.9244 3.9120        NaN       NaN          NaN             NaN          NaN             NaN         NaN          NaN
 70 0.0   1  67212.3852 10570.000 0.1573    0.0000     6.3588        0.0000 0.9294 4.2485        NaN       NaN          NaN             NaN          NaN             NaN         NaN          NaN
100 0.0   1 148520.7572 22110.000 0.1489    0.0000     6.7174        0.0000 0.9341 4.6052        NaN       NaN          NaN             NaN          NaN             NaN         NaN          NaN
140 0.0   1 312092.1238 44248.000 0.1418    0.0000     7.0532        0.0000 0.9379 4.9416        NaN       NaN          NaN             NaN          NaN             NaN         NaN          NaN
200 0.0   1 682335.2737 92116.000 0.1350    0.0000     7.4073        0.0000 0.9416 5.2983        NaN       NaN          NaN             NaN          NaN             NaN         NaN          NaN
 15 0.1 200   2501.5309   535.665 0.2189    0.0040     4.6530        0.0919 0.8942 2.7081    66.8398    5.9391       1.2611          0.0337       1.2939          0.0143      1.2891       0.0102
 25 0.1 200   8371.2602  1595.885 0.1946    0.0031     5.2154        0.0937 0.9084 3.2189   220.4072   14.2388       1.2829          0.0338       1.2996          0.0116      1.2891       0.0064
 35 0.1 200  18131.4788  3215.645 0.1813    0.0029     5.6011        0.1061 0.9159 3.5553   505.4566   26.5194       1.2858          0.0358       1.2899          0.0106      1.2891       0.0045
 50 0.1 200  41622.5852  6817.445 0.1670    0.0026     6.0710        0.1089 0.9239 3.9120  1058.0302   46.8403       1.3166          0.0335       1.2978          0.0089      1.2891       0.0009
 70 0.1 100  86527.9607 13625.890 0.1602    0.0031     6.3169        0.1533 0.9277 4.2485  3033.7868  123.6862       1.2874          0.0451       1.2891          0.0117      1.2891       0.0029
100 0.1  80 193557.8469 28582.925 0.1494    0.0029     6.7481        0.1447 0.9337 4.6052  5957.0368  245.1812       1.3032          0.0401       1.2928          0.0111      1.2891       0.0005
140 0.1  40 410997.9265 57230.450 0.1421    0.0050     7.1400        0.3099 0.9376 4.9416 24870.0468  817.9230       1.3169          0.0797       1.2934          0.0185      1.2891       0.0003
 15 0.2 200   3534.2235   759.430 0.2283    0.0071     4.6424        0.1714 0.8904 2.7081   159.9469   17.1284       1.7817          0.0806       1.8344          0.0414      1.8769       0.0196
 25 0.2 200  12332.7756  2337.895 0.1996    0.0056     5.2429        0.1745 0.9067 3.2189   539.9693   51.0001       1.8900          0.0828       1.9038          0.0415      1.8769       0.0114
 35 0.2 200  25685.2631  4759.680 0.1925    0.0043     5.3544        0.1467 0.9103 3.5553   936.1461   65.0643       1.8215          0.0664       1.9092          0.0261      1.8769       0.0157
 50 0.2 200  58671.0220 10039.485 0.1778    0.0039     5.7845        0.1477 0.9183 3.9120  2129.8726  117.9895       1.8558          0.0674       1.9112          0.0225      1.8769       0.0116
 70 0.2 100 127647.1989 20027.350 0.1625    0.0047     6.3102        0.2191 0.9265 4.2485  6280.2155  276.3056       1.8992          0.0934       1.8947          0.0261      1.8769       0.0052
100 0.2  80 275245.9502 41536.950 0.1547    0.0042     6.5780        0.2125 0.9308 4.6052 12652.3466  545.0063       1.8532          0.0852       1.8786          0.0246      1.8769       0.0058
140 0.2  40 579186.9019 83085.950 0.1468    0.0057     6.9252        0.3161 0.9351 4.9416 36928.3933 1376.1650       1.8558          0.1183       1.8777          0.0311      1.8769       0.0051
{
 "0.0": {
  "slope": 1.0072017896989496,
  "slope_se": 0.0020893458609572858,
  "intercept": 2.075812544974853,
  "intercept_se": 0.009005848859811968,
  "Ns": [
   25,
   35,
   50,
   70,
   100,
   140,
   200
  ]
 },
 "0.1": {
  "slope": 1.1001845687135068,
  "slope_se": 0.03208274571711269,
  "intercept": 1.693057323368162,
  "intercept_se": 0.13226934361576337,
  "Ns": [
   25,
   35,
   50,
   70,
   100,
   140
  ]
 },
 "0.2": {
  "slope": 1.0421714681951626,
  "slope_se": 0.07307044197005941,
  "intercept": 1.7802164096602873,
  "intercept_se": 0.3012516285954372,
  "Ns": [
   25,
   35,
   50,
   70,
   100,
   140
  ]
 }
}
{
 "1d_random": [
  {
   "p": 0.0,
   "K": 1,
   "mfpt": 12375.0,
   "mfpt_ci": 0.0,
   "mfpt_exact_mean": 12375.0,
   "mode": 4124.0,
   "mode_ci": 0.0,
   "ratio": 0.3332525252525252,
   "ratio_ci": 0.0,
   "ratio_std": 0.0,
   "cv": 0.8164883334458605
  },
  {
   "p": 0.05,
   "K": 400,
   "mfpt": 14789.049999999914,
   "mfpt_ci": 128.28401101435682,
   "mfpt_exact_mean": 14850.0,
   "mode": 4912.6225,
   "mode_ci": 38.14334688586588,
   "ratio": 0.33264126932291677,
   "ratio_ci": 0.0011736055065814908,
   "ratio_std": 0.011939459907969274,
   "cv": 0.8173313606141283
  },
  {
   "p": 0.1,
   "K": 400,
   "mfpt": 17352.299999999577,
   "mfpt_ci": 162.3986716065569,
   "mfpt_exact_mean": 17325.0,
   "mode": 5747.69,
   "mode_ci": 50.6580073071096,
   "ratio": 0.3316898556476318,
   "ratio_ci": 0.0013535856281249965,
   "ratio_std": 0.01377045459344872,
   "cv": 0.8180748211320409
  },
  {
   "p": 0.2,
   "K": 400,
   "mfpt": 22372.874999997806,
   "mfpt_ci": 228.1203305223381,
   "mfpt_exact_mean": 22275.0,
   "mode": 7410.9825,
   "mode_ci": 70.42943462305837,
   "ratio": 0.3317968837435395,
   "ratio_ci": 0.0014154322754318977,
   "ratio_std": 0.014399640092172171,
   "cv": 0.8181357258764845
  },
  {
   "p": 0.3,
   "K": 400,
   "mfpt": 27273.299999993345,
   "mfpt_ci": 262.60537143999693,
   "mfpt_exact_mean": 27225.000000000004,
   "mode": 9060.445,
   "mode_ci": 80.57189236821168,
   "ratio": 0.33272587091790856,
   "ratio_ci": 0.0013460370573942092,
   "ratio_std": 0.013693660596575593,
   "cv": 0.8174776152051783
  },
  {
   "p": 0.5,
   "K": 400,
   "mfpt": 37153.69999996597,
   "mfpt_ci": 299.7124649273859,
   "mfpt_exact_mean": 37125.0,
   "mode": 12363.685,
   "mode_ci": 92.94364860702281,
   "ratio": 0.33309162095721345,
   "ratio_ci": 0.0010550561082452307,
   "ratio_std": 0.010733419393833892,
   "cv": 0.8169857331212765
  }
 ],
 "1d_single": {
  "ratio_min": 0.3130927105449402,
  "pos_min": 77,
  "ratio_max": 0.352991452991456,
  "pos_max": 21,
  "max_abs_err_formula": 1.5825207810848951e-10
 },
 "2d_permeable": [
  {
   "kappa": 0.0,
   "K": 100,
   "mfpt": 18616.41430183892,
   "mfpt_ci": 726.0852483787403,
   "mode": 3245.45,
   "mode_ci": 40.113528983549244,
   "ratio": 0.17836177272007667,
   "ratio_ci": 0.0042431892806804915,
   "cv": 0.9174550343938003
  },
  {
   "kappa": 0.001,
   "K": 100,
   "mfpt": 20656.38363710103,
   "mfpt_ci": 797.291722960056,
   "mode": 3291.82,
   "mode_ci": 45.83743210838136,
   "ratio": 0.16276895920754877,
   "ratio_ci": 0.003654364657029876,
   "cv": 0.9256527295492845
  },
  {
   "kappa": 0.01,
   "K": 100,
   "mfpt": 20431.239021500656,
   "mfpt_ci": 752.1945651479753,
   "mode": 3595.65,
   "mode_ci": 41.68161383568745,
   "ratio": 0.17967498912614605,
   "ratio_ci": 0.004093865662645691,
   "cv": 0.9181499494530877
  },
  {
   "kappa": 0.1,
   "K": 100,
   "mfpt": 18837.408189231708,
   "mfpt_ci": 503.7443977355405,
   "mode": 3329.42,
   "mode_ci": 27.781230181925633,
   "ratio": 0.17880042082097083,
   "ratio_ci": 0.0031084454500698152,
   "cv": 0.9172186213464077
  },
  {
   "kappa": 0.3,
   "K": 100,
   "mfpt": 16900.902193278307,
   "mfpt_ci": 274.1750366287099,
   "mode": 3004.87,
   "mode_ci": 15.339365990248481,
   "ratio": 0.1785710058209475,
   "ratio_ci": 0.001928353922721208,
   "cv": 0.9172514309367773
  },
  {
   "kappa": 0.6,
   "K": 100,
   "mfpt": 15320.065618392944,
   "mfpt_ci": 113.14979997958862,
   "mode": 2721.92,
   "mode_ci": 6.417257435293441,
   "ratio": 0.1778344217100432,
   "ratio_ci": 0.0008919288403039856,
   "cv": 0.9176704299902925
  },
  {
   "kappa": 1.0,
   "K": 100,
   "mfpt": 14100.80804993799,
   "mfpt_ci": 3.627452442783954e-13,
   "mode": 2493.0,
   "mode_ci": 0.0,
   "ratio": 0.1767983785873152,
   "ratio_ci": 0.0,
   "cv": 0.9182769845672176
  }
 ],
 "2d_traps": [
  {
   "Delta": 1e-05,
   "K": 100,
   "H": 0.9861414927235714,
   "H_ci": 4.725320250925358e-05,
   "cond_mean": 13935.869387738296,
   "cond_mean_ci": 0.5687344176437226,
   "mode": 2486.0,
   "mode_ci": 0.0,
   "ratio": 0.17838859097670043,
   "ratio_ci": 7.280188368399481e-06,
   "H_meanfield": 0.9860810781558481,
   "cond_mean_meanfield": 13935.282390660934
  },
  {
   "Delta": 0.0001,
   "K": 100,
   "H": 0.8757631594262318,
   "H_ci": 0.0003824698005827437,
   "cond_mean": 12621.078225880228,
   "cond_mean_ci": 4.58233500048862,
   "mode": 2428.91,
   "mode_ci": 0.23611853292508775,
   "ratio": 0.19244918201918707,
   "ratio_ci": 5.444290615064829e-05,
   "H_meanfield": 0.8752255962720303,
   "cond_mean_meanfield": 12615.826087344827
  },
  {
   "Delta": 0.001,
   "K": 100,
   "H": 0.3911517256331261,
   "H_ci": 0.0010184096769363664,
   "cond_mean": 6797.296371664253,
   "cond_mean_ci": 11.331827506623313,
   "mode": 2060.47,
   "mode_ci": 1.2645433862078441,
   "ratio": 0.3031459650059417,
   "ratio_ci": 0.00038020304688571197,
   "H_meanfield": 0.38871776181636514,
   "cond_mean_meanfield": 6772.139044998115
  },
  {
   "Delta": 0.01,
   "K": 100,
   "H": 0.027703104338883216,
   "H_ci": 0.0003789078746713644,
   "cond_mean": 1895.793418414425,
   "cond_mean_ci": 4.961272908614992,
   "mode": 1209.64,
   "mode_ci": 2.8289049365074534,
   "ratio": 0.6380959450932046,
   "ratio_ci": 0.0010016169691891656,
   "H_meanfield": 0.02561812278096693,
   "cond_mean_meanfield": 1850.9307260551439
  }
 ]
}
       kind  M   K  acceptance  mfpt_factor  mfpt_factor_ci  mode_factor  mode_factor_ci  ratio  ratio_ci     cv  frac_mfpt_below_clean
   anywhere 10 200      1.0000       1.0157          0.0065       1.0178          0.0018 0.1774    0.0007 0.9179                  0.255
   anywhere 20 200      1.0000       1.0330          0.0103       1.0356          0.0028 0.1778    0.0010 0.9177                  0.205
   anywhere 30 200      0.9950       1.0541          0.0124       1.0560          0.0035 0.1778    0.0012 0.9177                  0.060
   anywhere 40 200      1.0000       1.0857          0.0168       1.0800          0.0046 0.1771    0.0016 0.9181                  0.030
     centre 10 200      1.0000       1.0001          0.0002       1.0299          0.0006 0.1821    0.0001 0.9154                  0.545
     centre 20 200      1.0000       1.0018          0.0004       1.0645          0.0013 0.1879    0.0002 0.9122                  0.275
     centre 30 200      1.0000       1.0048          0.0006       1.1048          0.0021 0.1944    0.0003 0.9086                  0.090
     centre 40 200      1.0000       1.0086          0.0008       1.1497          0.0031 0.2015    0.0004 0.9048                  0.035
 near_start 10 200      0.9709       0.9933          0.0001       1.0117          0.0009 0.1801    0.0001 0.9157                  1.000
 near_start 20 200      0.9259       0.9893          0.0004       1.0487          0.0040 0.1874    0.0006 0.9106                  0.985
 near_start 30 200      0.8511       0.9918          0.0019       1.1557          0.0181 0.2058    0.0027 0.8999                  0.855
 near_start 40 200      0.6803       0.9990          0.0030       1.3195          0.0271 0.2329    0.0040 0.8847                  0.630
near_target 10 200      1.0000       1.2388          0.0290       1.0556          0.0065 0.1530    0.0020 0.9312                  0.000
near_target 20 200      0.9479       1.6588          0.0572       1.1337          0.0090 0.1249    0.0024 0.9459                  0.000
near_target 30 200      0.8969       2.2808          0.0830       1.2302          0.0110 0.0994    0.0023 0.9585                  0.000
near_target 40 200      0.7117       3.3668          0.1273       1.3566          0.0153 0.0752    0.0022 0.9699                  0.000
