1D clean N=100 {'mfpt': 12375.0, 'mfpt_formula': 12375.0, 'sd': 10104.043126392524, 'mode': 4124, 'ratio': 0.33325252525252524, 'cv': 0.8164883334458605, 'median': 9374}
1D single barrier: max |MFPT-formula| = 1.5825207810848951e-10
    pos     mfpt  mode     ratio
0     0  12397.5  4147  0.334503
10   10  12622.5  4391  0.347871
25   25  12960.0  4563  0.352083
49   49  13500.0  4478  0.331704
75   75  14085.0  4411  0.313170
90   90  14422.5  4612  0.319778
98   98  14602.5  4787  0.327821
           mfpt        mode     ratio  ratio_sem        cv
p                                                         
0.00  12375.000   4124.0000  0.333253   0.000000  0.816488
0.05  14789.050   4912.6225  0.332641   0.000597  0.817331
0.10  17352.300   5747.6900  0.331690   0.000689  0.818075
0.20  22372.875   7410.9825  0.331797   0.000720  0.818136
0.30  27273.300   9060.4450  0.332726   0.000685  0.817478
0.50  37153.700  12363.6850  0.333092   0.000537  0.816986
               mfpt     mode     ratio     ratio_sem        cv
kappa                                                         
0.000  18616.414302  3245.45  0.178362  2.138470e-03  0.917455
0.001  20656.383637  3291.82  0.162769  1.841716e-03  0.925653
0.010  20431.239022  3595.65  0.179675  2.063215e-03  0.918150
0.100  18837.408189  3329.42  0.178800  1.566585e-03  0.917219
0.300  16900.902193  3004.87  0.178571  9.718463e-04  0.917251
0.600  15320.065618  2721.92  0.177834  4.495118e-04  0.917670
1.000  14100.808050  2493.00  0.176798  5.579081e-18  0.918277
                H     cond_mean     mode     ratio  ratio_sem
Delta                                                        
0.00001  0.986141  13935.869388  2486.00  0.178389   0.000004
0.00010  0.875763  12621.078226  2428.91  0.192449   0.000027
0.00100  0.391152   6797.296372  2060.47  0.303146   0.000192
0.01000  0.027703   1895.793418  1209.64  0.638096   0.000505
done 222s
