constant checks: {'Lambda3_minus_closed': '2.51e-52', 'Lambda4_minus_closed': '2.09e-52', 'Lambda5_minus_closed': '2.09e-53', 'Cm2_series_minus_closed': '8.02e-51'}
C_2    = 0.1546377878189172624907338308002830491917
C_0    = 0.5321408832769565690729068201885003509182
C_{-2} = -1.069558947686132340903652617107770074042   (Essam-Wu 2*c4 = -1.069558947686132)
   sequence 2^j done [69.9s]
   sequence 3^j done [82.4s]
   sequence 10^j done [88.1s]
{
 "dps": 50,
 "C2": "0.15463778781891726249073383080028304919172662",
 "C0": "0.532140883276956569072906820188500350918220208",
 "Cm2": "-1.06955894768613234090365261710777007404218139",
 "varpi": "2.62205755429211981046483958989111941368275495",
 "constant_checks": {
  "Lambda3_minus_closed": "2.51e-52",
  "Lambda4_minus_closed": "2.09e-52",
  "Lambda5_minus_closed": "2.09e-53",
  "Cm2_series_minus_closed": "8.02e-51"
 },
 "Cm2_numerical_Richardson": "-1.069558947686132340933333",
 "Cm2_numerical_minus_closed": "2.97e-20",
 "Cm4_numerical_Richardson": "2.22751631117699",
 "Cm4_last_two_differ_by": "2.57e-13",
 "essam_wu": {
  "c0": "0.077318893909458",
  "c2": "0.266070441638478",
  "c4": "-0.534779473843066",
  "ours_c0": "0.077318893909458631245",
  "ours_c2": "0.26607044163847828454",
  "ours_c4": "-0.53477947384306617045"
 },
 "largest_N": 524288,
 "max_abs_res4_N_ge_64": "2.22752",
 "seconds": 88.2
}
10 602.33391297930698154050 rel1 0.0265392 rel2 0.000866056 N^2*r3 -1.0485789403893 N^4*r4 2.09800072967348
35 11280.646439934176271741 rel1 0.0168397 rel2 4.70956e-5 N^2*r3 -1.0677498661326 N^4*r4 2.21612490300379
100 118816.60573284725447290 rel1 0.0130193 rel2 4.47777e-6 N^2*r3 -1.0693363364821 N^4*r4 2.226112039636
200 545868.21895858464978762 rel1 0.0113325 rel2 9.74803e-7 N^2*r3 -1.0695032685608 N^4*r4 2.22716500986192
1000 17745092.693064996763674 rel1 0.00871443 rel2 2.9988e-8 N^2*r3 -1.0695567201838 N^4*r4 2.22750225613225
4001 340584601.85167996613952 rel1 0.00726822 rel2 1.56243e-9 N^2*r3 -1.0695588085360 N^4*r4 2.2275154331682
10000 2360857695.7282013696233 rel1 0.00655007 rel2 2.25402e-10 N^2*r3 -1.0695589254109 N^4*r4 2.22751617062505
100000 294720617430.49240985719 rel1 0.00524693 rel2 1.80558e-12 N^2*r3 -1.0695589474633 N^4*r4 2.22751630977122
524288 9260980010479.3583433266 rel1 0.00458985 rel2 5.74605e-14 N^2*r3 -1.0695589476780 N^4*r4 2.22751631112579
