=== 01_sanity: scripts/01_sanity_exact.py
exit=0 01_sanity
MFPT (N(N-1)-x0(x0-1))/q and variance = sum lam/(1-lam)^2 : True
=== 03_constants: scripts/03_constant_enclosure.py
exit=0 03_constants
c - 1/3 = [-4.9067838385434584806e-5 +/- 4.17e-25]
=== 09_sanity: scripts/09_sec3_sec4_sanity.py
exit=0 09_sanity
elementary bounds: max violation (must be <= ~1e-9): 0.0
=== 11_expansion_sanity: scripts/11_expansion_sanity.py
exit=0 11_expansion_sanity
{'mode': 'disc', 'q': '0.8', 'j': 1, 'N0': 101, 'N': 606, 'v': 0.35499962155332243, 'R_true': 105.46838793721616, 'encl': '[+/- 2.53e+2]', 'inside': True}
=== 12_cont_theorem: scripts/12_cont_theorem.py
exit=0 12_cont_theorem
N0= 2001 k0=15: Gamma in [-19.158 +/- 7.93e-4]  Bnd=[2.2417e-36 +/- 4.56e-41]  K=1.54000 certified=True  kappa2 := lim L^4(u_N-c+kappa/L^2) in [-1.5309 +/- 5.36e-5]
=== 13_cont_small_N: scripts/13_cont_small_N.py
exit=0 13_cont_small_N
ALL CERTIFIED for 3 <= N <= 300 : True  max |L^4 coef| among tabulated: 1.7746570931451702
=== 14_disc_N0_41: scripts/14_disc_theorem.py 41 11 4/5 2400
exit=0 14_disc_N0_41
N0=41 k0=11 q in (0,4/5]: certified Kd = 1.6732883973272485   (q <= 2/3: 1.6589406455498685)   [4.2s]
=== 14_disc_N0_51: scripts/14_disc_theorem.py 51 11 4/5 2400
exit=0 14_disc_N0_51
N0=51 k0=11 q in (0,4/5]: certified Kd = 1.6221956224786362   (q <= 2/3: 1.6221956224786362)   [3.9s]
=== 14_disc_N0_101: scripts/14_disc_theorem.py 101 13 4/5 2400
exit=0 14_disc_N0_101
N0=101 k0=13 q in (0,4/5]: certified Kd = 1.5731474795402318   (q <= 2/3: 1.5731474795402318)   [4.3s]
=== 14_disc_N0_601: scripts/14_disc_theorem.py 601 15 4/5 2400
exit=0 14_disc_N0_601
N0=601 k0=15 q in (0,4/5]: certified Kd = 1.557158018522019   (q <= 2/3: 1.557158018522019)   [4.6s]
=== 14_disc_N0_601_q1_tol: scripts/14_disc_theorem.py 601 15 1/1 3000 N0_601_q1_tol 1e-12
exit=0 14_disc_N0_601_q1_tol
N0=601 k0=15 q in (0,1/1]: certified Kd = 1.557158018522019   (q <= 2/3: 1.557158018522019)   [5.7s]
=== 14_disc_N0_2001_q1_tol: scripts/14_disc_theorem.py 2001 15 1/1 3000 N0_2001_q1_tol 1e-12
exit=0 14_disc_N0_2001_q1_tol
N0=2001 k0=15 q in (0,1/1]: certified Kd = 1.556739509494177   (q <= 2/3: 1.556739509494177)   [5.7s]
=== 15_disc_small_N: scripts/15_disc_small_N.py 40
exit=0 15_disc_small_N
{'N': 40, 'Kd': 1.78, 'part1_ok': True, 'part1_evals': 5917, 'part1_fail': [], 'part2_ok': True, 'part2_windows': 782, 'part2_evals': 782, 'part2_fail': [], 'part2_notes': [], 'secs': 1.0}
=== 16_q1_theorem: scripts/16_q1_theorem.py
exit=0 16_q1_theorem
N1= 601: rho_P=4189.4 rho_E=230.4 rho_P0=5.38 rho_E0=12.53 |r|<=118.7  K1=10.208 cert1=True  Delta in [1.9 +/- 0.0674] cert2=True cert3=True
=== 18_global_N0_601_q4_5: scripts/18_global.py 601 4/5
exit=0 18_global_N0_601_q4_5
ALL CERTIFICATES: True
=== 18_global_N0_601_q999_1000: scripts/18_global.py 601 999/1000
exit=0 18_global_N0_601_q999_1000
ALL CERTIFICATES: True
=== 18_global_N0_601_q1_1_tol: scripts/18_global.py 601 1/1 1e-12
exit=0 18_global_N0_601_q1_1_tol
ALL CERTIFICATES: True
=== 18_global_N0_2001_q1_1_tol: scripts/18_global.py 2001 1/1 1e-12
exit=0 18_global_N0_2001_q1_1_tol
ALL CERTIFICATES: True
=== 19_general_start: scripts/19_general_start.py
exit=0 19_general_start
{'xi': '99/100', 'x0': 396, 'xi_eff': 0.9899874843554443, 'c_xi_eff': 3.341682317749116e-05, 'discrete_q_half_mode': 10, 'q_tstar_over_L2': 3.1328271728897666e-05, 'diff': -2.088551448593492e-06}
=== 21_q1_sanity: scripts/21_q1_sanity.py
exit=0 21_q1_sanity
(5) N=300 far: predicted zero 29994.0180, actual 29994.0181, L*(diff) = 0.0470
=== 17_q1_small_N: scripts/17_q1_small_N.py 600
exit=0 17_q1_small_N
all certified: True;  N with mode not in near class: [];  N with several modes: [5, 6, 8, 9];  range of (mode - tau1): [-0.0032, 1.9986];  max L*excess beyond [0,2]: 0.0309   [157s]
ALL-RERUN-DONE
./scratch/rerun_all.sh  228.71s user 0.97s system 96% cpu 3:58.06 total
