{'N': 2, 'qT_exact': '8/1', 'qT_float': 8.0, 'rel_D': 4.0091470651382935e-51, 'rel_form_a': 2.6727647100921956e-51, 'rel_S': 4.0091470651382935e-51, 'rel_Hodd': 8.018294130276587e-51, 'rel_Heven': 0.0, 'Sodd_minus_Seven_minus_N/2': 4.0091470651382935e-51, 'elapsed': 0.0}
{'N': 3, 'qT_exact': '27/1', 'qT_float': 27.0, 'rel_D': 0.0, 'rel_form_a': 1.5838605689435233e-51, 'rel_S': 0.0, 'rel_Hodd': 0.0, 'rel_Heven': 0.0, 'Sodd_minus_Seven_minus_N/2': 0.0, 'elapsed': 0.7}
{'N': 4, 'qT_exact': '416/7', 'qT_float': 59.42857142857143, 'rel_D': 0.0, 'rel_form_a': 2.878361995483903e-51, 'rel_S': 2.878361995483903e-51, 'rel_Hodd': 4.3175429932258546e-51, 'rel_Heven': 1.4391809977419514e-51, 'Sodd_minus_Seven_minus_N/2': 5.345529420184391e-51, 'elapsed': 1.5}
{'N': 5, 'qT_exact': '1175/11', 'qT_float': 106.81818181818181, 'rel_D': 0.0, 'rel_form_a': 0.0, 'rel_S': 1.6013841326850263e-51, 'rel_Hodd': 1.6013841326850263e-51, 'rel_Heven': 0.0, 'Sodd_minus_Seven_minus_N/2': 0.0, 'elapsed': 2.5}
{'N': 6, 'qT_exact': '9368/55', 'qT_float': 170.3272727272727, 'rel_D': 2.0085678436218036e-51, 'rel_form_a': 2.0085678436218036e-51, 'rel_S': 2.0085678436218036e-51, 'rel_Hodd': 4.017135687243607e-51, 'rel_Heven': 2.0085678436218036e-51, 'Sodd_minus_Seven_minus_N/2': 1.0691058840368783e-50, 'elapsed': 3.6}
{'N': 7, 'qT_exact': '312865/1247', 'qT_float': 250.89414595028066, 'rel_D': 1.3635785785117412e-51, 'rel_form_a': 1.3635785785117412e-51, 'rel_S': 2.7271571570234824e-51, 'rel_Hodd': 2.7271571570234824e-51, 'rel_Heven': 1.3635785785117412e-51, 'Sodd_minus_Seven_minus_N/2': 5.345529420184391e-51, 'elapsed': 4.6}
{'N': 8, 'qT_exact': '125807488/360161', 'qT_float': 349.309025685735, 'rel_D': 0.0, 'rel_form_a': 1.9588035678161534e-51, 'rel_S': 0.0, 'rel_Hodd': 0.0, 'rel_Heven': 1.9588035678161534e-51, 'Sodd_minus_Seven_minus_N/2': 0.0, 'elapsed': 5.6}
{'N': 9, 'qT_exact': '35727723/76627', 'qT_float': 466.2550145510068, 'rel_D': 2.934993702716519e-51, 'rel_form_a': 1.4674968513582596e-51, 'rel_S': 2.934993702716519e-51, 'rel_Hodd': 1.4674968513582596e-51, 'rel_Heven': 1.4674968513582596e-51, 'Sodd_minus_Seven_minus_N/2': 1.0691058840368783e-50, 'elapsed': 6.5}
{'N': 10, 'qT_exact': '85570839000/142065451', 'qT_float': 602.333912979307, 'rel_D': 4.543843546176744e-51, 'rel_form_a': 2.271921773088372e-51, 'rel_S': 0.0, 'rel_Hodd': 0.0, 'rel_Heven': 2.271921773088372e-51, 'Sodd_minus_Seven_minus_N/2': 1.0691058840368783e-50, 'elapsed': 8.2}
{'N': 11, 'qT_exact': '577168419861/761351911', 'qT_float': 758.0836292942595, 'rel_D': 0.0, 'rel_form_a': 1.8051511451858847e-51, 'rel_S': 1.8051511451858847e-51, 'rel_Hodd': 1.8051511451858847e-51, 'rel_Heven': 1.8051511451858847e-51, 'Sodd_minus_Seven_minus_N/2': 0.0, 'elapsed': 10.5}
{'N': 12, 'qT_exact': '52566792400224/56281934513', 'qT_float': 933.9905043257197, 'rel_D': 1.4651707112966205e-51, 'rel_form_a': 8.791024267779724e-51, 'rel_S': 2.930341422593241e-51, 'rel_Hodd': 4.395512133889862e-51, 'rel_Heven': 1.4651707112966205e-51, 'Sodd_minus_Seven_minus_N/2': 1.0691058840368783e-50, 'elapsed': 11.7}
{'N': 13, 'qT_exact': '272565185120658703/241101794569899', 'qT_float': 1130.4983673260797, 'rel_D': 2.4209774575861698e-51, 'rel_form_a': 1.6946842203103189e-50, 'rel_S': 2.4209774575861698e-51, 'rel_Hodd': 4.8419549151723396e-51, 'rel_Heven': 0.0, 'Sodd_minus_Seven_minus_N/2': 4.276423536147513e-50, 'elapsed': 12.4}
{'N': 14, 'qT_exact': '8277449413306992523528/6140471000326322381', 'qT_float': 1348.0153904915608, 'rel_D': 0.0, 'rel_form_a': 2.0303262725630896e-50, 'rel_S': 0.0, 'rel_Hodd': 2.0303262725630896e-51, 'rel_Heven': 0.0, 'Sodd_minus_Seven_minus_N/2': 2.1382117680737565e-50, 'elapsed': 13.0}
{'N': 15, 'qT_exact': '619808736774223125/390573544531459', 'qT_float': 1586.919404686664, 'rel_D': 6.898676908358328e-51, 'rel_form_a': 1.724669227089582e-51, 'rel_S': 0.0, 'rel_Hodd': 0.0, 'rel_Heven': 1.724669227089582e-51, 'Sodd_minus_Seven_minus_N/2': 2.1382117680737565e-50, 'elapsed': 13.8}
{'N': 16, 'qT_exact': '84274360196115682446402048/45613817209147281353759', 'qT_float': 1847.5621062298533, 'rel_D': 7.406817486420973e-51, 'rel_form_a': 1.4813634972841947e-51, 'rel_S': 1.4813634972841947e-51, 'rel_Hodd': 1.4813634972841947e-51, 'rel_Heven': 1.4813634972841947e-51, 'Sodd_minus_Seven_minus_N/2': 0.0, 'elapsed': 14.8}
{'N': 17, 'qT_exact': '77633920855053305130410489242849/36443188794328204864735075793', 'qT_float': 2130.2724438629743, 'rel_D': 5.139081756456227e-51, 'rel_form_a': 1.7986786147596795e-50, 'rel_S': 2.5695408782281136e-51, 'rel_Hodd': 2.5695408782281136e-51, 'rel_Heven': 0.0, 'Sodd_minus_Seven_minus_N/2': 4.276423536147513e-50, 'elapsed': 16.6}
{'N': 18, 'qT_exact': '1817780436026697131328687634888/746411575318143730121752505', 'qT_float': 2435.3593863437914, 'rel_D': 6.742933495109328e-51, 'rel_form_a': 1.5733511488588431e-50, 'rel_S': 0.0, 'rel_Hodd': 0.0, 'rel_Heven': 2.2476444983697762e-51, 'Sodd_minus_Seven_minus_N/2': 2.1382117680737565e-50, 'elapsed': 18.7}
{'N': 19, 'qT_exact': '13648048363356194367343535675618238397995/4939371777650229260975457785579794433', 'qT_float': 2763.1142132509976, 'rel_D': 1.981033610560919e-51, 'rel_form_a': 2.7734470547852865e-50, 'rel_S': 1.981033610560919e-51, 'rel_Hodd': 1.981033610560919e-51, 'rel_Heven': 0.0, 'Sodd_minus_Seven_minus_N/2': 2.1382117680737565e-50, 'elapsed': 20.6}
{'N': 20, 'qT_exact': '103639163281386050265408625236126538901316018400/33283688571680493510612137844679320717594861', 'qT_float': 3113.812432723207, 'rel_D': 1.757916459175303e-51, 'rel_form_a': 1.0547498755051818e-50, 'rel_S': 1.757916459175303e-51, 'rel_Hodd': 1.757916459175303e-51, 'rel_Heven': 0.0, 'Sodd_minus_Seven_minus_N/2': 4.276423536147513e-50, 'elapsed': 23.3}
{'N': 21, 'qT_exact': '3771381604744068078540690527392287/1081332955501862734672031646083', 'qT_float': 3487.7154030635397, 'rel_D': 3.138915590108482e-51, 'rel_form_a': 3.295861369613906e-50, 'rel_S': 1.569457795054241e-51, 'rel_Hodd': 0.0, 'rel_Heven': 1.569457795054241e-51, 'Sodd_minus_Seven_minus_N/2': 2.1382117680737565e-50, 'elapsed': 26.7}
{'N': 22, 'qT_exact': '11430035163151822044434020600460960421210561621656/2942039683673607873726698522584668254140514263', 'qT_float': 3885.0717162589704, 'rel_D': 4.226811646766479e-51, 'rel_form_a': 1.2680434940299438e-50, 'rel_S': 2.8178744311776526e-51, 'rel_Hodd': 2.8178744311776526e-51, 'rel_Heven': 0.0, 'Sodd_minus_Seven_minus_N/2': 4.276423536147513e-50, 'elapsed': 30.8}
pairs N 2 24 3.0611832052663735e-41 1.5305916026331868e-41
pairs N 3 168 4.0815776070218314e-41 1.5305916026331868e-41
pairs N 4 648 4.3830577711768535e-41 5.413460826155271e-41
pairs N 5 1848 7.890828636520645e-41 8.906896027079236e-41
random 6 (4, 1) 9.646479442176288e-41 3.680540705960551e-41
random 6 (1, 4) 4.586362579331294e-41 3.161785470228179e-41
random 6 (3, 5) 2.6211218902435495e-41 1.418902632318274e-41
random 7 (5, 0) 5.831648829682044e-41 3.887765886454696e-41
random 7 (3, 4) 1.5266363422313784e-41 0.0
random 7 (1, 3) 7.550421062469515e-41 6.29201755205793e-41
random 9 (2, 3) 3.752766033903526e-41 9.901809101224737e-41
random 9 (1, 4) 5.424591590780835e-41 1.5837274360790114e-41
random 9 (1, 2) 5.062777376485799e-41 2.5313886882428996e-41
random 11 (1, 0) 4.2862412140435256e-41 6.548786724225149e-41
random 11 (2, 2) 3.3751538842562837e-41 9.27629598925855e-41
random 11 (7, 2) 2.185687489951099e-41 1.9005920193541365e-41
random 14 (4, 0) 1.1019506162760687e-40 3.406964527690638e-41
random 14 (5, 13) 6.424613527084086e-41 0.0
random 14 (4, 10) 9.673250342268508e-41 1.2427346431561945e-40
random 17 (16, 10) 1.6764552656447989e-40 7.939162583035876e-41
random 17 (5, 9) 6.257566541052541e-41 1.2515133082105082e-40
random 17 (10, 13) 6.674857721956744e-41 3.0137719572029507e-40
done 51.2
