MC [{'N': 6, 'q': 0.8, 'start': (0, 0), 'target': (5, 5), 'mc_mean': np.float64(212.864515), 'mc_se': np.float64(0.4138291192228665), 'thm3': 212.90909090909088, 'z': np.float64(-0.10771573826070076)}, {'N': 5, 'q': 0.5, 'start': (1, 3), 'target': (4, 2), 'mc_mean': np.float64(128.769655), 'mc_se': np.float64(0.25867597346332943), 'thm3': 128.63636363636363, 'z': np.float64(0.5152831237156623)}, {'N': 7, 'q': 1.0, 'start': (0, 0), 'target': (6, 6), 'mc_mean': np.float64(250.91055), 'mc_se': np.float64(0.4886861518544009), 'thm3': 250.89414595028066, 'z': np.float64(0.03356765821395445)}]
lemma1/2 [{'N': 4, 'q': 1.0, 'P_rule_vs_kron': np.float64(0.0), 'eig_residual': np.float64(2.220446049250313e-16), 'orthonormality': np.float64(2.220446049250313e-16), 'pinv_vs_spectral': np.float64(2.5646151868841094e-15), 'lemma1_all_targets_rel': np.float64(4.536911387116856e-15), 'P_symmetric': True, 'row_sums_1': True}, {'N': 5, 'q': 0.7, 'P_rule_vs_kron': np.float64(0.0), 'eig_residual': np.float64(3.0531133177191805e-16), 'orthonormality': np.float64(2.220446049250313e-16), 'pinv_vs_spectral': np.float64(1.962459569278156e-15), 'lemma1_all_targets_rel': np.float64(6.9508723448177326e-15), 'P_symmetric': True, 'row_sums_1': True}, {'N': 6, 'q': 0.3, 'P_rule_vs_kron': np.float64(1.1102230246251565e-16), 'eig_residual': np.float64(6.106226635438361e-16), 'orthonormality': np.float64(4.586865126679129e-16), 'pinv_vs_spectral': np.float64(4.971088219883387e-15), 'lemma1_all_targets_rel': np.float64(3.864600071781618e-14), 'P_symmetric': True, 'row_sums_1': True}, {'N': 7, 'q': 0.9, 'P_rule_vs_kron': np.float64(1.1102230246251565e-16), 'eig_residual': np.float64(4.0245584642661925e-16), 'orthonormality': np.float64(8.881784197001252e-16), 'pinv_vs_spectral': np.float64(3.4834165154600467e-15), 'lemma1_all_targets_rel': np.float64(1.0960902668314936e-14), 'P_symmetric': True, 'row_sums_1': True}]
lemma3 {'(6.1)_worst_rel': 2.250085309454246e-22, 'n61': 244, '(6.2)_worst_rel': 2.4729786174138296e-38, 'n62': 201, '(A.13)_worst_abs': 1.945534986107044e-37, '(A.7)_worst_abs': 5.510129769479473e-39, '(6.2)_at_m=2N+1_abs_violation(sigma=3,N=13)': 52.0}
lemma4 {'tau1_vs_direct_1D_solve_abs': 1.4210854715202004e-13, '(6.3)_abs': 2.0571151139390031e-38, '(6.4)_abs': 1.4693679385278594e-39, 'sum_c2=(N-1)/2_abs': 2.2958874039497803e-41, 'sum_odd_c2=N/4_abs': 4.591774807899561e-41}
thm2 steps {'(6.6)_rel': 1.0800030709758376e-40, 'G_k=N*B_k/(sinh sinh)_rel': 1.0110940616679949e-40, 'H_k_rel': 7.082558719575635e-41}
cor5 1.160402302496582e-14 6.026322147532587e-15 4.440892098500626e-16 3.959969198318718e-15
gf {'N': 7, 'q': 0.5, '1-z': 1e-07, 'T_direct': np.float64(501.78829190056274), '(1-F)/(1-z)': np.float64(501.76610665518473), '(1-z)/(1-F) [reciprocal ratio]': np.float64(0.001992960438611696)}
{'N': 2, 'q': 0.8, 'T_sparse_direct': np.float64(9.999999999999998), 'T_formS': np.float64(10.000000000000002), 'rel_S': np.float64(3.5527136788005016e-16), 'T_form_a_float64': np.float64(10.000000000000002), 'elapsed': 44.2}
{'N': 3, 'q': 0.8, 'T_sparse_direct': np.float64(33.74999999999997), 'T_formS': np.float64(33.750000000000014), 'rel_S': np.float64(1.2631870857957347e-15), 'T_form_a_float64': np.float64(33.74999999999999), 'elapsed': 44.2}
{'N': 5, 'q': 0.8, 'T_sparse_direct': np.float64(133.5227272727266), 'T_formS': np.float64(133.52272727272725), 'rel_S': np.float64(4.895790628692596e-15), 'T_form_a_float64': np.float64(133.52272727272725), 'elapsed': 44.4}
{'N': 10, 'q': 0.8, 'T_sparse_direct': np.float64(752.9173912241221), 'T_formS': np.float64(752.9173912241337), 'rel_S': np.float64(1.540150032761432e-14), 'T_form_a_float64': np.float64(752.917391224134), 'elapsed': 44.5}
{'N': 35, 'q': 0.8, 'T_sparse_direct': np.float64(14100.808049916606), 'T_formS': np.float64(14100.808049917718), 'rel_S': np.float64(7.881835719145834e-14), 'T_form_a_float64': np.float64(14100.80804991782), 'elapsed': 44.5}
{'N': 64, 'q': 0.8, 'T_sparse_direct': np.float64(55015.815417030746), 'T_formS': np.float64(55015.815417014834), 'rel_S': np.float64(2.892353622608174e-13), 'T_form_a_float64': np.float64(55015.81541701499), 'elapsed': 44.7}
{'N': 101, 'q': 0.8, 'T_sparse_direct': np.float64(151829.106138971), 'T_formS': np.float64(151829.10613876296), 'rel_S': np.float64(1.3701864246919582e-12), 'T_form_a_float64': np.float64(151829.1061387637), 'elapsed': 44.8}
{'N': 200, 'q': 0.8, 'T_sparse_direct': np.float64(682335.2737035602), 'T_formS': np.float64(682335.2736982307), 'rel_S': np.float64(7.810666747902099e-12), 'T_form_a_float64': np.float64(682335.2736982292), 'elapsed': 45.6}
{'N': 350, 'q': 0.8, 'T_sparse_direct': np.float64(2307861.170199866), 'T_formS': np.float64(2307861.1701279194), 'rel_S': np.float64(3.117454917271484e-11), 'T_form_a_float64': np.float64(2307861.1701278533), 'elapsed': 47.6}
{'N': 402, 'q': 0.8, 'T_sparse_direct': np.float64(3115822.271476013), 'T_formS': np.float64(3115822.271340622), 'rel_S': np.float64(4.345274135953473e-11), 'T_form_a_float64': np.float64(3115822.2713423977), 'elapsed': 50.7}
{'N': 403, 'q': 0.8, 'T_sparse_direct': np.float64(3132627.535135592), 'T_formS': np.float64(3132627.534996924), 'rel_S': np.float64(4.426567672288167e-11), 'T_form_a_float64': np.float64(nan), 'elapsed': 53.3}
{'N': 500, 'q': 0.8, 'T_sparse_direct': np.float64(4993752.965431934), 'T_formS': np.float64(4993752.965078247), 'rel_S': np.float64(7.082597903569976e-11), 'T_form_a_float64': np.float64(nan), 'elapsed': 58.5}
first nan 403 5.699669556908906e-13 done 59.6
