value 8 1.1
value 9 2.2
value 10 3.3
value 16 4.4
value 27 5.5
value 32 6.6
value 35 7.7
value 64 8.8
value 81 9.9
value 100 11.0
value 128 12.1
value 243 13.2
value 256 14.3
value 512 15.4
value 729 16.5
value 1000 17.6
value 1024 18.7
value 2048 19.9
value 2187 21.2
value 4001 22.6
value 4096 24.1
value 6561 25.9
value 8192 27.9
value 10000 30.2
value 16384 33.2
value 19683 36.1
value 32768 40.8
value 59049 47.6
value 65536 57.2
value 100000 70.0
value 131072 85.5
blind done 86.1
classical done 88.1
coef done 88.6
done 88.6
